[round2] repo 条目 104 项, 增量重跑 (api 镜像腿)
[1/104] perplexica__github_com: verified
[2/104] searxng__github_com: verified
[3/104] morphic__github_com: verified
[4/104] open_webui__github_com: verified
[5/104] gpt_researcher__github_com: verified
[6/104] khoj__github_com: verified
[7/104] storm_co_storm__github_com: verified
[8/104] open_deep_research__github_com: verified
[9/104] scira__github_com: verified
[10/104] surfsense__github_com: verified
[11/104] deepresearch__github_com: verified
[12/104] mindsearch__github_com: verified
[13/104] llm_answer_engine__github_com: verified
[14/104] anysearch_skill__github_com: verified
[15/104] opensearch_gpt__github_com: verified
[16/104] search_with_lepton__github_com: verified
[17/104] free_search_mcp__github_com: verified
[18/104] modelcontextprotocol_servers__github_com: verified
[21/104] firecrawl_firecrawl_mcp_server__github_com: verified
[23/104] ihor_sokoliuk_mcp_searxng__github_com: verified
[24/104] aas_ee_open_websearch__github_com: verified
[25/104] nickclyde_duckduckgo_mcp_server__github_com: verified
[30/104] secretiveshell_mcp_searxng__github_com: verified
[31/104] mrkrsl_web_search_mcp__github_com: verified
[32/104] evilran_baidu_mcp_server__github_com: verified
[34/104] punkpeye_awesome_mcp_servers__github_com: verified
[35/104] yacy__github_com: verified
[36/104] hister__github_com: verified
[37/104] devdocs__github_com: verified
[38/104] marginalia_search__github_com: verified
[39/104] librey__github_com: verified
[40/104] mwmbl__github_com: verified
[41/104] searxng_docker__github_com: verified
[42/104] whoogle_search__github_com: verified
[43/104] searx__github_com: verified
[44/104] wechatsogou__github_com: verified
[45/104] ddgs__github_com: verified
[46/104] dailyhotapi__github_com: verified
[47/104] python_baidusearch__github_com: verified
[48/104] wechat_article_search__github_com: verified
[49/104] baidu_serp_api__github_com: verified
[50/104] sogou_weixin_mcp_server__github_com: verified
[51/104] aggregate_search_mcp__github_com: verified
[52/104] tarzi__github_com: verified
[53/104] awesome_selfhosted__github_com: verified
[54/104] edoardottt_awesome_hacker_search_eng__github_com: verified
[55/104] felladrin_awesome_ai_web_search__github_com: verified
[56/104] github_topic_search_engine__github_com: unreachable
[57/104] firecrawl__github_com: verified
[58/104] fess__github_com: verified
[59/104] stract__github_com: verified
[60/104] crawl4ai__github_com: verified
[61/104] scrapy__github_com: verified
[62/104] playwright__github_com: verified
[63/104] playwright_mcp__github_com: verified
[64/104] crawlee__github_com: verified
[65/104] browser_use__github_com: verified
[66/104] stagehand__github_com: verified
[67/104] markitdown__github_com: verified
[68/104] docling__github_com: verified
[69/104] trafilatura__github_com: verified
[70/104] skyvern__github_com: verified
[71/104] scrapegraphai__github_com: verified
[72/104] mozilla_readability__github_com: verified
[73/104] scrapy_playwright__github_com: verified
[79/104] agent_search__github_com: verified
[80/104] howdoi__github_com: verified
[81/104] ddgr__github_com: verified
[82/104] s__github_com: verified
[84/104] so__github_com: verified
[86/104] wiki_tui__github_com: verified
[87/104] googler__github_com: verified
[88/104] hn_cli__github_com: verified
[89/104] searxng_cli__github_com: verified
[90/104] minisearch__github_com: verified
[91/104] onyx__github_com: verified
[92/104] colly__github_com: verified
[93/104] meilisearch__github_com: verified
[94/104] typesense__github_com: verified
[95/104] opensearch__github_com: verified
[96/104] opengrok__github_com: verified
[97/104] zoekt__github_com: verified
[98/104] flaresolverr__github_com: verified
[99/104] changedetection_io__github_com: verified
[100/104] cc_index_table__github_com: verified
[101/104] wayback_machine_downloader__github_com: verified
[102/104] paper_qa__github_com: verified
[103/104] arxiv_py__github_com: verified
[104/104] gallery_dl__github_com: verified
{"live": 5, "unreachable": 3, "existing": 8, "verified": 88, "registered": 15}
