[1/119] perplexica__github_com: live
[2/119] searxng__github_com: live
[3/119] morphic__github_com: live
[4/119] open_webui__github_com: live
[5/119] gpt_researcher__github_com: live
[6/119] khoj__github_com: live
[7/119] storm_co_storm__github_com: live
[8/119] open_deep_research__github_com: live
[9/119] scira__github_com: live
[10/119] surfsense__github_com: live
[11/119] deepresearch__github_com: live
[12/119] mindsearch__github_com: live
[13/119] llm_answer_engine__github_com: live
[14/119] anysearch_skill__github_com: live
[15/119] opensearch_gpt__github_com: live
[16/119] search_with_lepton__github_com: live
[17/119] free_search_mcp__github_com: live
[18/119] modelcontextprotocol_servers__github_com: live
[21/119] firecrawl_firecrawl_mcp_server__github_com: live
[23/119] ihor_sokoliuk_mcp_searxng__github_com: live
[24/119] aas_ee_open_websearch__github_com: live
[25/119] nickclyde_duckduckgo_mcp_server__github_com: verified
[30/119] secretiveshell_mcp_searxng__github_com: live
[31/119] mrkrsl_web_search_mcp__github_com: live
[32/119] evilran_baidu_mcp_server__github_com: live
[34/119] punkpeye_awesome_mcp_servers__github_com: live
[35/119] yacy__github_com: live
[36/119] hister__github_com: live
[37/119] devdocs__github_com: live
