[walk] 候选 14876 件
[batch]    400/14876 +0 (累计跳 398)
[batch]    800/14876 +0 (累计跳 797)
[batch]   1200/14876 +0 (累计跳 1191)
[batch]   1600/14876 +0 (累计跳 1590)
[batch]   2000/14876 +0 (累计跳 1989)
[batch]   2400/14876 +0 (累计跳 2388)
[batch]   2800/14876 +0 (累计跳 2786)
[batch]   3200/14876 +0 (累计跳 3185)
[batch]   3600/14876 +0 (累计跳 3585)
[batch]   4000/14876 +0 (累计跳 3983)
[batch]   4400/14876 +0 (累计跳 4382)
[batch]   4800/14876 +0 (累计跳 4782)
[batch]   5200/14876 +0 (累计跳 5179)
[batch]   5600/14876 +0 (累计跳 5578)
[batch]   6000/14876 +0 (累计跳 5977)
[batch]   6400/14876 +68 (累计跳 6308)
[batch]   6800/14876 +122 (累计跳 6582)
[batch]   7200/14876 +115 (累计跳 6866)
[batch]   7600/14876 +200 (累计跳 7058)
[batch]   8000/14876 +160 (累计跳 7297)
[batch]   8400/14876 +148 (累计跳 7545)
[batch]   8800/14876 +152 (累计跳 7792)
[batch]   9200/14876 +151 (累计跳 8041)
[batch]   9600/14876 +202 (累计跳 8235)
[batch]  10000/14876 +72 (累计跳 8563)
[batch]  10400/14876 +364 (累计跳 8588)
[batch]  10800/14876 +399 (累计跳 8588)
[batch]  11200/14876 +337 (累计跳 8588)
[batch]  11600/14876 +398 (累计跳 8588)
[batch]  12000/14876 +397 (累计跳 8588)
[batch]  12400/14876 +400 (累计跳 8588)
[batch]  12800/14876 +400 (累计跳 8588)
[batch]  13200/14876 +400 (累计跳 8588)
[batch]  13600/14876 +400 (累计跳 8588)
[batch]  14000/14876 +398 (累计跳 8589)
[batch]  14400/14876 +320 (累计跳 8666)
[batch]  14800/14876 +124 (累计跳 8939)
[batch]  14876/14876 +44 (累计跳 8968)
[batch] 入池 5771 / 跳过 8968

[判断] 启发式@课题关键词(16): 有效 7202 入门槛账 | 废弃 2134 | 留审 0 (文件缺失)
[门槛账] 有效弹药 36,557,312 字 (18.28% of 2亿) | 待审 -229 字 | 废弃 2,356,298 字
[rebuild] manifest 9407 条 → 有效 36,557,312字/7273件 | 待审 0字/0件 | 废弃 2,356,298字/2134件 | 引擎 58 个

[分层账] T1=14,144,206 (1822件) | T2=5,883,341 (1740件) | T3=734,403 | T0=15,795,362
[字数门] T1 ✅ 14,144,206/3,000,000 ∧ T1+T2 ⏳ 20,027,547/30,000,000 → FAIL
