[32m2026-10-07 23:11:07.669[0m | [1mINFO    [0m | [36mtencent_main[0m:[36minit_browser[0m:[36m238[0m - [1m加载登录状态: E:\AI-Station\report_platform\promo\video_account_state.json[0m
[32m2026-10-07 23:11:12.714[0m | [1mINFO    [0m | [36mtencent_main[0m:[36mupload_video[0m:[36m254[0m - [1m正在上传视频: cnnec_v1.mp4[0m
[32m2026-10-07 23:11:13.093[0m | [1mINFO    [0m | [36mtencent_main[0m:[36mupload_video[0m:[36m266[0m - [1m上传页面已加载 (DOM)[0m
[32m2026-10-07 23:11:20.336[0m | [1mINFO    [0m | [36mtencent_main[0m:[36mupload_video[0m:[36m294[0m - [1m视频文件已选择: cnnec_v1.mp4[0m
[32m2026-10-07 23:11:20.336[0m | [1mINFO    [0m | [36mtencent_main[0m:[36mwait_for_upload_complete[0m:[36m303[0m - [1m等待视频上传...[0m
[32m2026-10-07 23:11:50.579[0m | [1mINFO    [0m | [36mtencent_main[0m:[36mwait_for_upload_complete[0m:[36m375[0m - [1m上传中... 已等待 30 秒[0m
[32m2026-10-07 23:12:20.825[0m | [1mINFO    [0m | [36mtencent_main[0m:[36mwait_for_upload_complete[0m:[36m375[0m - [1m上传中... 已等待 60 秒[0m
[32m2026-10-07 23:12:51.070[0m | [1mINFO    [0m | [36mtencent_main[0m:[36mwait_for_upload_complete[0m:[36m375[0m - [1m上传中... 已等待 90 秒[0m
[32m2026-10-07 23:13:21.325[0m | [1mINFO    [0m | [36mtencent_main[0m:[36mwait_for_upload_complete[0m:[36m375[0m - [1m上传中... 已等待 120 秒[0m
[32m2026-10-07 23:13:51.585[0m | [1mINFO    [0m | [36mtencent_main[0m:[36mwait_for_upload_complete[0m:[36m375[0m - [1m上传中... 已等待 150 秒[0m
[32m2026-10-07 23:14:21.807[0m | [1mINFO    [0m | [36mtencent_main[0m:[36mwait_for_upload_complete[0m:[36m375[0m - [1m上传中... 已等待 180 秒[0m
[32m2026-10-07 23:14:52.041[0m | [1mINFO    [0m | [36mtencent_main[0m:[36mwait_for_upload_complete[0m:[36m375[0m - [1m上传中... 已等待 210 秒[0m
[32m2026-10-07 23:15:22.263[0m | [1mINFO    [0m | [36mtencent_main[0m:[36mwait_for_upload_complete[0m:[36m375[0m - [1m上传中... 已等待 240 秒[0m
[32m2026-10-07 23:15:52.496[0m | [1mINFO    [0m | [36mtencent_main[0m:[36mwait_for_upload_complete[0m:[36m375[0m - [1m上传中... 已等待 270 秒[0m
[32m2026-10-07 23:16:22.712[0m | [1mINFO    [0m | [36mtencent_main[0m:[36mwait_for_upload_complete[0m:[36m375[0m - [1m上传中... 已等待 300 秒[0m
[32m2026-10-07 23:16:52.972[0m | [1mINFO    [0m | [36mtencent_main[0m:[36mwait_for_upload_complete[0m:[36m375[0m - [1m上传中... 已等待 330 秒[0m
[32m2026-10-07 23:17:23.202[0m | [1mINFO    [0m | [36mtencent_main[0m:[36mwait_for_upload_complete[0m:[36m375[0m - [1m上传中... 已等待 360 秒[0m
[32m2026-10-07 23:17:53.424[0m | [1mINFO    [0m | [36mtencent_main[0m:[36mwait_for_upload_complete[0m:[36m375[0m - [1m上传中... 已等待 390 秒[0m
[32m2026-10-07 23:18:23.673[0m | [1mINFO    [0m | [36mtencent_main[0m:[36mwait_for_upload_complete[0m:[36m375[0m - [1m上传中... 已等待 420 秒[0m
[32m2026-10-07 23:18:53.917[0m | [1mINFO    [0m | [36mtencent_main[0m:[36mwait_for_upload_complete[0m:[36m375[0m - [1m上传中... 已等待 450 秒[0m
[32m2026-10-07 23:19:24.151[0m | [1mINFO    [0m | [36mtencent_main[0m:[36mwait_for_upload_complete[0m:[36m375[0m - [1m上传中... 已等待 480 秒[0m
[32m2026-10-07 23:19:54.370[0m | [1mINFO    [0m | [36mtencent_main[0m:[36mwait_for_upload_complete[0m:[36m375[0m - [1m上传中... 已等待 510 秒[0m
[32m2026-10-07 23:20:24.608[0m | [1mINFO    [0m | [36mtencent_main[0m:[36mwait_for_upload_complete[0m:[36m375[0m - [1m上传中... 已等待 540 秒[0m
[32m2026-10-07 23:20:54.857[0m | [1mINFO    [0m | [36mtencent_main[0m:[36mwait_for_upload_complete[0m:[36m375[0m - [1m上传中... 已等待 570 秒[0m
[32m2026-10-07 23:21:25.082[0m | [1mINFO    [0m | [36mtencent_main[0m:[36mwait_for_upload_complete[0m:[36m375[0m - [1m上传中... 已等待 600 秒[0m
[32m2026-10-07 23:21:25.082[0m | [1mINFO    [0m | [36mtencent_main[0m:[36mfill_video_info[0m:[36m379[0m - [1m正在填写视频信息...[0m
[32m2026-10-07 23:21:26.873[0m | [1mINFO    [0m | [36mtencent_main[0m:[36mfill_video_info[0m:[36m389[0m - [1m标题已填写: 全国唯一能总承包整座核电站的公司，凭什么？[0m
[32m2026-10-07 23:21:34.292[0m | [33m[1mWARNING [0m | [36mtencent_main[0m:[36mdeclare_original[0m:[36m509[0m - [33m[1m声明原创失败（不阻断）: Locator.count: SyntaxError: Failed to execute 'querySelectorAll' on 'Document': 'text:声明原创' is not a valid selector.
    at query (<anonymous>:5448:41)
    at <anonymous>:5458:7
    at SelectorEvaluatorImpl._cached (<anonymous>:5235:20)
    at SelectorEvaluatorImpl._queryCSS (<anonymous>:5445:17)
    at SelectorEvaluatorImpl._querySimple (<anonymous>:5325:19)
    at <anonymous>:5273:29
    at SelectorEvaluatorImpl._cached (<anonymous>:5235:20)
    at SelectorEvaluatorImpl.query (<anonymous>:5266:19)
    at Object.query (<anonymous>:5480:44)
    at <anonymous>:5438:21[0m
[32m2026-10-07 23:21:34.292[0m | [1mINFO    [0m | [36mtencent_main[0m:[36msubmit_video[0m:[36m514[0m - [1m正在提交视频...[0m
[32m2026-10-07 23:23:35.717[0m | [31m[1mERROR   [0m | [36mtencent_main[0m:[36mmain[0m:[36m587[0m - [31m[1m上传过程出错: Locator.click: Timeout 120000ms exceeded.
Call log:
  - waiting for locator("button:has-text('发布'), button:has-text('发表')").first
    - locator resolved to <button type="button" class="weui-desktop-btn weui-desktop-btn_primary weui-desktop-btn_disabled">发表</button>
  - attempting click action
    2 × waiting for element to be visible, enabled and stable
      - element is visible, enabled and stable
      - scrolling into view if needed
      - done scrolling
      - <div class="weui-desktop-dialog__wrp">…</div> from <div data-v-59b1ad10="" class="form-item cell-center post-with-link">…</div> subtree intercepts pointer events
    - retrying click action
    - waiting 20ms
    2 × waiting for element to be visible, enabled and stable
      - element is visible, enabled and stable
      - scrolling into view if needed
      - done scrolling
      - <div class="weui-desktop-dialog__wrp">…</div> from <div data-v-59b1ad10="" class="form-item cell-center post-with-link">…</div> subtree intercepts pointer events
    - retrying click action
      - waiting 100ms
    228 × waiting for element to be visible, enabled and stable
        - element is visible, enabled and stable
        - scrolling into view if needed
        - done scrolling
        - <div class="weui-desktop-dialog__wrp">…</div> from <div data-v-59b1ad10="" class="form-item cell-center post-with-link">…</div> subtree intercepts pointer events
      - retrying click action
        - waiting 500ms
[0m
[vup] main() -> 失败: 全国唯一能总承包整座核电站的公司，凭什么？
